I'm sorry, but errors were detected in your script. Please correct the
errors listed below, and try again.


File "game/script.rpy", line 97: invalid syntax
    player_fname = renpy.input(evelyn "Please write your first name here.")
                                                                          ^
    

File "game/script.rpy", line 98: invalid syntax
    player_lname = renpy.input(evelyn "Please write your last name here.")
                                                                         ^
    

Ren'Py Version: Ren'Py 7.4.11.2266
Sat Dec 25 21:59:53 2021
